<?xml version="1.0" encoding="utf-8"?><testsuites name="pytest tests"><testsuite name="pytest" errors="0" failures="0" skipped="0" tests="68" time="23.583" timestamp="2025-06-21T01:29:35.452835+02:00" hostname="shadow"><testcase classname="auth.unit.test_basic_auth_ci.TestBasicAuth" name="test_main_functionality" time="0.007" /><testcase classname="auth.unit.test_basic_auth_ci.TestBasicAuth" name="test_user_login_schema_validation" time="0.010" /><testcase classname="auth.unit.test_basic_auth_ci.TestBasicAuth" name="test_user_create_schema_validation" time="0.001" /><testcase classname="auth.unit.test_basic_auth_ci.TestBasicAuth" name="test_token_response_schema" time="0.001" /><testcase classname="auth.unit.test_basic_auth_ci.TestBasicAuth" name="test_auth_service_initialization" time="0.001" /><testcase classname="auth.unit.test_basic_auth_ci.TestBasicAuth" name="test_auth_service_methods_exist" time="0.001" /><testcase classname="auth.unit.test_basic_auth_ci.TestBasicAuth" name="test_password_config_exists" time="0.001" /><testcase classname="ingredients.unit.test_data_validation.TestIngredientValidation" name="test_main_functionality" time="0.004" /><testcase classname="ingredients.unit.test_data_validation.TestIngredientValidation" name="test_valid_ingredient_create_schema" time="0.001" /><testcase classname="ingredients.unit.test_data_validation.TestIngredientValidation" name="test_ingredient_create_minimal_valid_data" time="0.001" /><testcase classname="ingredients.unit.test_data_validation.TestIngredientValidation" name="test_ingredient_create_name_validation" time="0.001" /><testcase classname="ingredients.unit.test_data_validation.TestIngredientValidation" name="test_ingredient_create_negative_values_validation" time="0.002" /><testcase classname="ingredients.unit.test_data_validation.TestIngredientValidation" name="test_ingredient_create_zero_values_allowed" time="0.001" /><testcase classname="ingredients.unit.test_data_validation.TestIngredientValidation" name="test_ingredient_update_schema" time="0.001" /><testcase classname="ingredients.unit.test_data_validation.TestIngredientValidation" name="test_ingredient_update_negative_values_validation" time="0.001" /><testcase classname="ingredients.unit.test_data_validation.TestIngredientValidation" name="test_ingredient_update_empty_name_validation" time="0.001" /><testcase classname="ingredients.unit.test_data_validation.TestIngredientValidation" name="test_ingredient_response_schema" time="0.001" /><testcase classname="ingredients.unit.test_data_validation.TestIngredientValidation" name="test_ingredient_name_trimming" time="0.001" /><testcase classname="ingredients.unit.test_data_validation.TestIngredientValidation" name="test_ingredient_category_validation" time="0.001" /><testcase classname="ingredients.unit.test_data_validation.TestIngredientValidation" name="test_large_nutritional_values" time="0.001" /><testcase classname="ingredients.unit.test_data_validation.TestIngredientValidation" name="test_decimal_nutritional_values" time="0.001" /><testcase classname="ingredients.unit.test_data_validation.TestIngredientValidation" name="test_missing_required_fields" time="0.001" /><testcase classname="ingredients.unit.test_data_validation.TestIngredientValidation" name="test_extra_fields_ignored" time="0.001" /><testcase classname="ingredients.unit.test_error_handling.TestIngredientsErrorHandling" name="test_main_functionality" time="0.001" /><testcase classname="ingredients.unit.test_error_handling.TestIngredientsErrorHandling" name="test_ingredient_error_creation" time="0.001" /><testcase classname="ingredients.unit.test_error_handling.TestIngredientsErrorHandling" name="test_ingredient_error_inheritance" time="0.001" /><testcase classname="ingredients.unit.test_error_handling.TestIngredientsErrorHandling" name="test_get_ingredient_by_id_not_found" time="0.421" /><testcase classname="ingredients.unit.test_error_handling.TestIngredientsErrorHandling" name="test_search_ingredients_edge_cases" time="1.566" /><testcase classname="ingredients.unit.test_error_handling.TestIngredientsErrorHandling" name="test_search_ingredients_boundary_values" time="0.660" /><testcase classname="ingredients.unit.test_error_handling.TestIngredientsErrorHandling" name="test_get_all_ingredients_boundary_values" time="0.962" /><testcase classname="ingredients.unit.test_error_handling.TestIngredientsErrorHandling" name="test_large_limit_handling" time="0.368" /><testcase classname="ingredients.unit.test_error_handling.TestIngredientsErrorHandling" name="test_error_message_formatting" time="0.002" /><testcase classname="ingredients.unit.test_error_handling.TestIngredientsErrorHandling" name="test_error_with_special_characters" time="0.003" /><testcase classname="ingredients.unit.test_error_handling.TestIngredientsErrorHandling" name="test_concurrent_operations" time="1.381" /><testcase classname="ingredients.unit.test_error_handling.TestIngredientsErrorHandling" name="test_invalid_uuid_formats" time="0.001" /><testcase classname="ingredients.unit.test_error_handling.TestIngredientsErrorHandling" name="test_error_consistency" time="0.467" /><testcase classname="ingredients.unit.test_ingredient_read_operations.TestIngredientReadOperations" name="test_main_functionality" time="0.002" /><testcase classname="ingredients.unit.test_ingredient_read_operations.TestIngredientReadOperations" name="test_get_ingredient_by_id_success" time="1.084" /><testcase classname="ingredients.unit.test_ingredient_read_operations.TestIngredientReadOperations" name="test_get_ingredient_by_id_not_found" time="0.160" /><testcase classname="ingredients.unit.test_ingredient_read_operations.TestIngredientReadOperations" name="test_get_all_ingredients_success" time="0.444" /><testcase classname="ingredients.unit.test_ingredient_read_operations.TestIngredientReadOperations" name="test_get_all_ingredients_with_limit" time="0.437" /><testcase classname="ingredients.unit.test_ingredient_read_operations.TestIngredientReadOperations" name="test_get_all_ingredients_with_offset" time="0.529" /><testcase classname="ingredients.unit.test_ingredient_read_operations.TestIngredientReadOperations" name="test_get_all_ingredients_pagination" time="1.441" /><testcase classname="ingredients.unit.test_ingredient_read_operations.TestIngredientReadOperations" name="test_get_all_ingredients_invalid_limit" time="1.566" /><testcase classname="ingredients.unit.test_ingredient_read_operations.TestIngredientReadOperations" name="test_get_all_ingredients_invalid_offset" time="1.624" /><testcase classname="ingredients.unit.test_ingredient_read_operations.TestIngredientReadOperations" name="test_ingredient_data_types" time="0.626" /><testcase classname="ingredients.unit.test_ingredient_read_operations.TestIngredientReadOperations" name="test_ingredient_data_ranges" time="1.021" /><testcase classname="ingredients.unit.test_ingredient_read_operations.TestIngredientReadOperations" name="test_multiple_ingredient_retrieval" time="1.169" /><testcase classname="ingredients.unit.test_ingredient_read_operations.TestIngredientReadOperations" name="test_ingredient_names_are_realistic" time="0.644" /><testcase classname="ingredients.unit.test_ingredient_read_operations.TestIngredientReadOperations" name="test_consistent_data_retrieval" time="0.890" /><testcase classname="ingredients.unit.test_search_functionality.TestIngredientSearch" name="test_main_functionality" time="0.002" /><testcase classname="ingredients.unit.test_search_functionality.TestIngredientSearch" name="test_search_exact_match" time="0.529" /><testcase classname="ingredients.unit.test_search_functionality.TestIngredientSearch" name="test_search_case_insensitive" time="1.284" /><testcase classname="ingredients.unit.test_search_functionality.TestIngredientSearch" name="test_search_with_limit" time="0.569" /><testcase classname="ingredients.unit.test_search_functionality.TestIngredientSearch" name="test_search_no_results" time="0.453" /><testcase classname="ingredients.unit.test_search_functionality.TestIngredientSearch" name="test_search_pagination" time="1.070" /><testcase classname="ingredients.unit.test_search_functionality.TestIngredientSearch" name="test_search_response_format" time="0.543" /><testcase classname="ingredients.unit.test_search_functionality.TestIngredientSearch" name="test_search_data_types" time="0.560" /><testcase classname="ingredients.unit.test_search_functionality.TestIngredientSearch" name="test_search_realistic_data" time="0.585" /><testcase classname="ocr.unit.test_basic_ocr_ci.TestBasicOCR" name="test_main_functionality" time="0.006" /><testcase classname="ocr.unit.test_basic_ocr_ci.TestBasicOCR" name="test_ocr_text_response_schema" time="0.001" /><testcase classname="ocr.unit.test_basic_ocr_ci.TestBasicOCR" name="test_receipt_item_schema" time="0.001" /><testcase classname="ocr.unit.test_basic_ocr_ci.TestBasicOCR" name="test_ocr_processed_response_schema" time="0.001" /><testcase classname="ocr.unit.test_basic_ocr_ci.TestBasicOCR" name="test_ocr_error_handling_schema" time="0.001" /><testcase classname="ocr.unit.test_basic_ocr_ci.TestBasicOCR" name="test_ocr_service_import" time="0.002" /><testcase classname="ocr.unit.test_basic_ocr_ci.TestBasicOCR" name="test_ocr_service_mock_functionality" time="0.005" /><testcase classname="ocr.unit.test_basic_ocr_ci.TestBasicOCR" name="test_ocr_schema_field_validation" time="0.001" /><testcase classname="ocr.unit.test_basic_ocr_ci.TestBasicOCR" name="test_ocr_config_exists" time="0.001" /></testsuite></testsuites>